../Core/Src/main.c:78:5:main	104	static
../Core/Src/main.c:137:13:I2C_Write_Time	32	static
../Core/Src/main.c:141:13:I2C_Read_Time	32	static
../Core/Src/main.c:145:13:I2C_Write_Date	32	static
../Core/Src/main.c:149:13:I2C_Read_Date	32	static
../Core/Src/main.c:153:16:BCD_DEC	16	static
../Core/Src/main.c:157:16:DEC_BCD	16	static
../Core/Src/main.c:161:6:DS3231_Init	16	static
../Core/Src/main.c:165:6:DS3231_SetTime	16	static
../Core/Src/main.c:172:6:DS3231_GetTime	16	static
../Core/Src/main.c:179:6:DS3231_SetDate	16	static
../Core/Src/main.c:187:6:DS3231_GetDate	16	static
../Core/Src/main.c:197:6:DHT11_Init	32	static
../Core/Src/main.c:213:6:delay_us	16	static
../Core/Src/main.c:227:12:Counting_Time	24	static
../Core/Src/main.c:243:9:DHT11_ReadData	48	static
../Core/Src/main.c:299:6:HAL_TIM_PeriodElapsedCallback	72	static
../Core/Src/main.c:352:6:HAL_UART_RxCpltCallback	40	static
../Core/Src/main.c:429:6:SystemClock_Config	72	static
../Core/Src/main.c:458:13:MX_TIM1_Init	8	static
../Core/Src/main.c:474:13:MX_TIM2_Init	8	static
../Core/Src/main.c:489:13:MX_USART1_UART_Init	8	static
../Core/Src/main.c:506:13:MX_I2C1_Init	8	static
../Core/Src/main.c:522:13:MX_GPIO_Init	32	static
../Core/Src/main.c:538:6:Error_Handler	4	static,ignoring_inline_asm
