../Core/Src/main.c:100:13:I2C_Write_Time	32	static
../Core/Src/main.c:105:13:I2C_Read_Time	32	static
../Core/Src/main.c:110:13:I2C_Write_Date	32	static
../Core/Src/main.c:115:13:I2C_Read_Date	32	static
../Core/Src/main.c:120:16:BCD_DEC	16	static
../Core/Src/main.c:125:16:DEC_BCD	16	static
../Core/Src/main.c:130:6:DS3231_Init	16	static
../Core/Src/main.c:135:6:DS3231_SetTime	16	static
../Core/Src/main.c:143:6:DS3231_GetTime	16	static
../Core/Src/main.c:151:6:DS3231_SetDate	16	static
../Core/Src/main.c:160:6:DS3231_GetDate	16	static
../Core/Src/main.c:171:6:DHT11_Init	32	static
../Core/Src/main.c:187:6:delay_us	16	static
../Core/Src/main.c:201:12:Counting_Time	24	static
../Core/Src/main.c:217:9:DHT11_ReadData	48	static
../Core/Src/main.c:264:6:MAX7219_Write	16	static
../Core/Src/main.c:273:6:MAX7219_Init	8	static
../Core/Src/main.c:283:6:MAX7219_DisplayDigit	16	static
../Core/Src/main.c:289:6:MAX7219_DisplayTime	16	static
../Core/Src/main.c:311:6:HAL_TIM_PeriodElapsedCallback	72	static
../Core/Src/main.c:364:6:HAL_UART_RxCpltCallback	40	static
../Core/Src/main.c:440:5:main	104	static
../Core/Src/main.c:502:6:SystemClock_Config	72	static
../Core/Src/main.c:531:13:MX_TIM1_Init	8	static
../Core/Src/main.c:547:13:MX_TIM2_Init	8	static
../Core/Src/main.c:562:13:MX_USART1_UART_Init	8	static
../Core/Src/main.c:579:13:MX_SPI1_Init	8	static
../Core/Src/main.c:598:13:MX_I2C1_Init	8	static
../Core/Src/main.c:614:13:MX_GPIO_Init	32	static
../Core/Src/main.c:636:6:Error_Handler	4	static,ignoring_inline_asm
