../Core/Src/main.c:34:5:main	8	static
../Core/Src/main.c:56:6:DHT11_Init	32	static
../Core/Src/main.c:72:6:delay_us	16	static
../Core/Src/main.c:85:12:Counting_Time	24	static
../Core/Src/main.c:97:9:DHT11_ReadData	48	static
../Core/Src/main.c:143:6:HAL_TIM_PeriodElapsedCallback	72	static
../Core/Src/main.c:184:6:HAL_UART_RxCpltCallback	24	static
../Core/Src/main.c:229:6:SystemClock_Config	72	static
../Core/Src/main.c:257:13:MX_TIM1_Init	8	static
../Core/Src/main.c:273:13:MX_TIM2_Init	8	static
../Core/Src/main.c:288:13:MX_USART1_UART_Init	8	static
../Core/Src/main.c:304:13:MX_GPIO_Init	32	static
../Core/Src/main.c:319:6:Error_Handler	4	static,ignoring_inline_asm
