../Core/Src/main.c:100:13:I2C_Write_Time	32	static
../Core/Src/main.c:105:13:I2C_Read_Time	32	static
../Core/Src/main.c:110:13:I2C_Write_Date	32	static
../Core/Src/main.c:115:13:I2C_Read_Date	32	static
../Core/Src/main.c:120:16:BCD_DEC	16	static
../Core/Src/main.c:125:16:DEC_BCD	16	static
../Core/Src/main.c:130:6:DS3231_Init	16	static
../Core/Src/main.c:135:6:DS3231_SetTime	16	static
../Core/Src/main.c:143:6:DS3231_GetTime	16	static
../Core/Src/main.c:151:6:DS3231_SetDate	16	static
../Core/Src/main.c:160:6:DS3231_GetDate	16	static
../Core/Src/main.c:171:6:DHT11_Init	32	static
../Core/Src/main.c:187:6:delay_us	16	static
../Core/Src/main.c:201:12:Counting_Time	24	static
../Core/Src/main.c:217:9:DHT11_ReadData	48	static
../Core/Src/main.c:264:6:MAX7219_Write	16	static
../Core/Src/main.c:276:6:MAX7219_Init	8	static
../Core/Src/main.c:286:6:MAX7219_DisplayDigit	16	static
../Core/Src/main.c:292:6:MAX7219_DisplayTime	16	static
../Core/Src/main.c:314:6:HAL_TIM_PeriodElapsedCallback	72	static
../Core/Src/main.c:367:6:HAL_UART_RxCpltCallback	40	static
../Core/Src/main.c:443:5:main	104	static
../Core/Src/main.c:505:6:SystemClock_Config	72	static
../Core/Src/main.c:534:13:MX_TIM1_Init	8	static
../Core/Src/main.c:550:13:MX_TIM2_Init	8	static
../Core/Src/main.c:565:13:MX_USART1_UART_Init	8	static
../Core/Src/main.c:582:13:MX_SPI2_Init	8	static
../Core/Src/main.c:601:13:MX_I2C1_Init	8	static
../Core/Src/main.c:617:13:MX_GPIO_Init	32	static
../Core/Src/main.c:639:6:Error_Handler	4	static,ignoring_inline_asm
